
Linker Version 8.6.1.150212
Input Object File: E:\Doing\啟德電子\DriveHT1635Led\output\MAIN.OBJ
Input Object File: E:\Doing\啟德電子\DriveHT1635Led\output\IIC.OBJ
Input Object File: E:\Doing\啟德電子\DriveHT1635Led\output\LEDDISPLAY.OBJ
Input Object File: E:\Doing\啟德電子\DriveHT1635Led\output\SYSINIT.OBJ
Input Object File: E:\Doing\啟德電子\DriveHT1635Led\output\FUNSCANKEY.OBJ
Input Object File: E:\Doing\啟德電子\DriveHT1635Led\output\STARTUP1.OBJ
Input Object File: E:\Doing\啟德電子\DriveHT1635Led\output\VOLATILE.OBJ

Input Library File: C:\Program Files\Holtek MCU Development Tools\HT-IDE3000V7.x\LIB\LIBHOLTEKGCC.LIB
Input Library File: C:\Program Files\Holtek MCU Development Tools\HT-IDE3000V7.x\LIB\v3_mrsc.lib


     Bank    Start     End      Length     Class    AvgIns    Name
     00h     0000h     0000h    0001h      CODE               @code (E:\Doing\啟德電子\DriveHT1635Led\output\MAIN.OBJ)
     00h     0001h     000fh    000fh      CODE               @start (E:\Doing\啟德電子\DriveHT1635Led\output\MAIN.OBJ)
     00h     0010h     0011h    0002h      CODE               @ROMDATA_BASE (E:\Doing\啟德電子\DriveHT1635Led\output\STARTUP1.OBJ)
     00h     0014h     0017h    0004h      CODE               @timer0_code (E:\Doing\啟德電子\DriveHT1635Led\output\SYSINIT.OBJ)
     00h     0018h     0055h    003eh      CODE               _main (E:\Doing\啟德電子\DriveHT1635Led\output\MAIN.OBJ)
     00h     0056h     005bh    0006h      CODE               __delay (E:\Doing\啟德電子\DriveHT1635Led\output\IIC.OBJ)
     00h     005ch     0066h    000bh      CODE               _iicStart (E:\Doing\啟德電子\DriveHT1635Led\output\IIC.OBJ)
     00h     0067h     0070h    000ah      CODE               _iicStop (E:\Doing\啟德電子\DriveHT1635Led\output\IIC.OBJ)
     00h     0071h     0087h    0017h      CODE               _TestAck (E:\Doing\啟德電子\DriveHT1635Led\output\IIC.OBJ)
     00h     0088h     009fh    0018h      CODE               _iicWrite (E:\Doing\啟德電子\DriveHT1635Led\output\IIC.OBJ)
     00h     00a0h     00b7h    0018h      CODE               _iicSendCommand (E:\Doing\啟德電子\DriveHT1635Led\output\IIC.OBJ)
     00h     00b8h     00f3h    003ch      CODE               __init_led (E:\Doing\啟德電子\DriveHT1635Led\output\LEDDISPLAY.OBJ)
     00h     00f4h     00fch    0009h      CODE               _CROM2PROM (CROM2PROM)
     00h     0100h     01a0h    00a1h      CODE               @crom (E:\Doing\啟德電子\DriveHT1635Led\output\LEDDISPLAY.OBJ)
     00h     01a1h     0210h    0070h      CODE               __updateDisplayHello (E:\Doing\啟德電子\DriveHT1635Led\output\LEDDISPLAY.OBJ)
     00h     0211h     0271h    0061h      CODE               __updateDisplayAll (E:\Doing\啟德電子\DriveHT1635Led\output\LEDDISPLAY.OBJ)
     00h     0272h     028ah    0019h      CODE               __clearRam (E:\Doing\啟德電子\DriveHT1635Led\output\SYSINIT.OBJ)
     00h     028bh     02b6h    002ch      CODE               __sysinit (E:\Doing\啟德電子\DriveHT1635Led\output\SYSINIT.OBJ)
     00h     02b7h     02d1h    001bh      CODE               _timer0 (E:\Doing\啟德電子\DriveHT1635Led\output\SYSINIT.OBJ)
     00h     02d2h     02e3h    0012h      CODE               _fun_scan_key (E:\Doing\啟德電子\DriveHT1635Led\output\FUNSCANKEY.OBJ)
     00h     02e4h     030bh    0028h      CODE               _fun_task_key (E:\Doing\啟德電子\DriveHT1635Led\output\FUNSCANKEY.OBJ)
     00h     0080h     0089h    000ah      DATA     3         @HCCINIT0 (E:\Doing\啟德電子\DriveHT1635Led\output\MAIN.OBJ)
     00h     008ah     008ah    0001h      DATA     0         @HCCINIT (E:\Doing\啟德電子\DriveHT1635Led\output\STARTUP1.OBJ)
     00h     008bh     008bh    0001h      DATA     84        @data_ra (C:\Program Files\Holtek MCU Development Tools\HT-IDE3000V7.x\LIB\LIBHOLTEKGCC.LIB)
     00h     008ch     008ch    0001h      DATA     2         @data_r114 (isr:ra~rh)
     00h     008dh     008dh    0001h      DATA     2         @data_r214 (isr:ra~rh)
     00h     008eh     008eh    0001h      DATA     2         @data_r314 (isr:ra~rh)

     Local Sections

     Bank    Start     End      Length     Class    AvgIns    Name
     00h     0095h     0095h    0000h      LOCAL    0         @dummy (E:\Doing\啟德電子\DriveHT1635Led\output\MAIN.OBJ)
     00h     0094h     0094h    0001h      LOCAL    3         _main (E:\Doing\啟德電子\DriveHT1635Led\output\MAIN.OBJ)
     00h     008fh     008fh    0000h      LOCAL    0         __clearRam (E:\Doing\啟德電子\DriveHT1635Led\output\SYSINIT.OBJ)
     00h     008fh     008fh    0000h      LOCAL    0         __sysinit (E:\Doing\啟德電子\DriveHT1635Led\output\SYSINIT.OBJ)
     00h     0094h     0094h    0000h      LOCAL    0         __init_led (E:\Doing\啟德電子\DriveHT1635Led\output\LEDDISPLAY.OBJ)
     00h     0091h     0093h    0003h      LOCAL    25        _iicSendCommand (E:\Doing\啟德電子\DriveHT1635Led\output\IIC.OBJ)
     00h     008fh     008fh    0000h      LOCAL    0         _iicStart (E:\Doing\啟德電子\DriveHT1635Led\output\IIC.OBJ)
     00h     008fh     008fh    0000h      LOCAL    0         __delay (E:\Doing\啟德電子\DriveHT1635Led\output\IIC.OBJ)
     00h     008fh     0090h    0002h      LOCAL    3.5       _iicWrite (E:\Doing\啟德電子\DriveHT1635Led\output\IIC.OBJ)
     00h     008fh     0090h    0002h      LOCAL    3.5       _TestAck (E:\Doing\啟德電子\DriveHT1635Led\output\IIC.OBJ)
     00h     008fh     008fh    0000h      LOCAL    0         _iicStop (E:\Doing\啟德電子\DriveHT1635Led\output\IIC.OBJ)
     00h     0094h     0094h    0000h      LOCAL    0         __updateDisplayHello (E:\Doing\啟德電子\DriveHT1635Led\output\LEDDISPLAY.OBJ)
     00h     008fh     008fh    0000h      LOCAL    0         _Crom2Prom (CROM2PROM)
     00h     008fh     008fh    0000h      LOCAL    0         _fun_scan_key (E:\Doing\啟德電子\DriveHT1635Led\output\FUNSCANKEY.OBJ)
     00h     0094h     0094h    0000h      LOCAL    0         _fun_task_key (E:\Doing\啟德電子\DriveHT1635Led\output\FUNSCANKEY.OBJ)
     00h     0094h     0094h    0000h      LOCAL    0         __updateDisplayAll (E:\Doing\啟德電子\DriveHT1635Led\output\LEDDISPLAY.OBJ)
     00h     008fh     008fh    0000h      LOCAL    0         @dummy20 (E:\Doing\啟德電子\DriveHT1635Led\output\SYSINIT.OBJ)
     00h     008fh     008fh    0000h      LOCAL    0         _timer0 (E:\Doing\啟德電子\DriveHT1635Led\output\SYSINIT.OBJ)

     Public Symbols Information
     Address            Public by Name
     0080h              _BinklState
     00f5h              _Crom2Prom
     00f4h              _Crom2PromNext
     0150h              _LedDisplayHell0Table
     0100h              _LedDisplayNormalTable
     0071h              _TestAck
     0272h              __clearRam
     0056h              __delay
     00b8h              __init_led
     028bh              __sysinit
     0211h              __updateDisplayAll
     01a1h              __updateDisplayHello
     008ah              _counter
     0084h              _counter10ms
     0082h              _counter3s
     0081h              _displayState
     0089h              _flag_byte0
     02d2h              _fun_scan_key
     02e4h              _fun_task_key
     00a0h              _iicSendCommand
     0091h              _iicSendCommand_2
     005ch              _iicStart
     0067h              _iicStop
     0088h              _iicWrite
     0088h              _keyCount
     0085h              _keychat
     0087h              _keychk
     0086h              _keytemp
     0018h              _main
     0001h              _main_startup
     02b7h              _timer0
     008ch              r114
     008dh              r214
     008eh              r314
     008bh              ra

     Address            Public by Value
     0001h              _main_startup
     0018h              _main
     0056h              __delay
     005ch              _iicStart
     0067h              _iicStop
     0071h              _TestAck
     0080h              _BinklState
     0081h              _displayState
     0082h              _counter3s
     0084h              _counter10ms
     0085h              _keychat
     0086h              _keytemp
     0087h              _keychk
     0088h              _keyCount
     0088h              _iicWrite
     0089h              _flag_byte0
     008ah              _counter
     008bh              ra
     008ch              r114
     008dh              r214
     008eh              r314
     0091h              _iicSendCommand_2
     00a0h              _iicSendCommand
     00b8h              __init_led
     00f4h              _Crom2PromNext
     00f5h              _Crom2Prom
     0100h              _LedDisplayNormalTable
     0150h              _LedDisplayHell0Table
     01a1h              __updateDisplayHello
     0211h              __updateDisplayAll
     0272h              __clearRam
     028bh              __sysinit
     02b7h              _timer0
     02d2h              _fun_scan_key
     02e4h              _fun_task_key


ROM Usage Statistics
     Size      Used     Percentage
     1000h     0307h    18%

RAM Usage Statistics
    Bank      Size      Used     Percentage
     00h       0080h     0015h    16%
     01h       0040h     0000h    0%
     Total     00c0h     0015h    10%

Use Stack Count
_main: 5
_Ack: 1
_NoAck: 1
_iicRead: 1
__updateDisplayNormal: 3
__updateDisplayBlink: 4
__updateDisplayoff: 3
__reset_init: 1
_timer0: 0

Call Tree
    @dummy
        _main
            __clearRam
            __sysinit
            __init_led
                _iicSendCommand
                    _iicStart
                        __delay
                    _iicWrite
                        __delay
                    _TestAck
                        __delay
                    _iicStop
                        __delay
                __updateDisplayHello
                    _iicSendCommand
                        _iicStart
                            __delay
                        _iicWrite
                            __delay
                        _TestAck
                            __delay
                        _iicStop
                            __delay
                    _iicStart
                        __delay
                    _iicWrite
                        __delay
                    _TestAck
                        __delay
                    _iicStop
                        __delay
                    _Crom2Prom
            __updateDisplayHello
                _iicSendCommand
                    _iicStart
                        __delay
                    _iicWrite
                        __delay
                    _TestAck
                        __delay
                    _iicStop
                        __delay
                _iicStart
                    __delay
                _iicWrite
                    __delay
                _TestAck
                    __delay
                _iicStop
                    __delay
                _Crom2Prom
            _fun_scan_key
            _fun_task_key
                _iicSendCommand
                    _iicStart
                        __delay
                    _iicWrite
                        __delay
                    _TestAck
                        __delay
                    _iicStop
                        __delay
            __updateDisplayAll
                _iicSendCommand
                    _iicStart
                        __delay
                    _iicWrite
                        __delay
                    _TestAck
                        __delay
                    _iicStop
                        __delay
                _iicStart
                    __delay
                _iicWrite
                    __delay
                _TestAck
                    __delay
                _iicStop
                    __delay
            _iicSendCommand
                _iicStart
                    __delay
                _iicWrite
                    __delay
                _TestAck
                    __delay
                _iicStop
                    __delay
    _Ack
        __delay
    _NoAck
        __delay
    _iicRead
        __delay
    __updateDisplayNormal
        _iicSendCommand
            _iicStart
                __delay
            _iicWrite
                __delay
            _TestAck
                __delay
            _iicStop
                __delay
        _iicStart
            __delay
        _iicWrite
            __delay
        _TestAck
            __delay
        _iicStop
            __delay
        _Crom2Prom
    __updateDisplayBlink
        __updateDisplayAll
            _iicSendCommand
                _iicStart
                    __delay
                _iicWrite
                    __delay
                _TestAck
                    __delay
                _iicStop
                    __delay
            _iicStart
                __delay
            _iicWrite
                __delay
            _TestAck
                __delay
            _iicStop
                __delay
        _iicSendCommand
            _iicStart
                __delay
            _iicWrite
                __delay
            _TestAck
                __delay
            _iicStop
                __delay
    __updateDisplayoff
        _iicSendCommand
            _iicStart
                __delay
            _iicWrite
                __delay
            _TestAck
                __delay
            _iicStop
                __delay
        _iicStart
            __delay
        _iicWrite
            __delay
        _TestAck
            __delay
        _iicStop
            __delay
    __reset_init
        __sysinit
    @dummy20
        _timer0

HLINK: Program entry point at section '@code' (address 0) of file 'E:\Doing\啟德電子\DriveHT1635Led\output\MAIN.OBJ'

Total 0 error(s), Total 0 Warning(s)
